Info: Starting: Create block symbol file (.bsf)
Info: qsys-generate /home/kiks/phoenix_fpga/controller.qsys --block-symbol-file --output-directory=/home/kiks/phoenix_fpga/hdl/controller --family="Cyclone 10 LP" --part=10CL025YU256C8G
Progress: Loading phoenix_fpga/controller.qsys
Progress: Reading input file
Progress: Adding clk_25mhz [clock_source 22.1]
Progress: Parameterizing module clk_25mhz
Progress: Adding led0 [pio_source 1.0]
Progress: Parameterizing module led0
Progress: Adding led1 [pio_source 1.0]
Progress: Parameterizing module led1
Progress: Adding led2 [pio_source 1.0]
Progress: Parameterizing module led2
Progress: Adding led3 [pio_source 1.0]
Progress: Parameterizing module led3
Progress: Adding led4 [pio_source 1.0]
Progress: Parameterizing module led4
Progress: Adding led_driver1 [pwm_driver 1.0]
Progress: Parameterizing module led_driver1
Progress: Adding led_driver_0 [pwm_driver 1.0]
Progress: Parameterizing module led_driver_0
Progress: Adding led_driver_2 [pwm_driver 1.0]
Progress: Parameterizing module led_driver_2
Progress: Adding led_driver_3 [pwm_driver 1.0]
Progress: Parameterizing module led_driver_3
Progress: Building connections
Progress: Parameterizing connections
Progress: Validating
Progress: Done reading input file
Warning: controller.led4: led4.pio_in must be exported, or connected to a matching conduit.
Warning: controller.led_driver1: led_driver1.pwm must be exported, or connected to a matching conduit.
Warning: controller.led_driver_0: led_driver_0.pwm must be exported, or connected to a matching conduit.
Warning: controller.led_driver_2: led_driver_2.pwm must be exported, or connected to a matching conduit.
Warning: controller.led_driver_3: led_driver_3.pwm must be exported, or connected to a matching conduit.
Info: qsys-generate succeeded.
Info: Finished: Create block symbol file (.bsf)
Info: 
Info: Starting: Create HDL design files for synthesis
Info: qsys-generate /home/kiks/phoenix_fpga/controller.qsys --synthesis=VERILOG --output-directory=/home/kiks/phoenix_fpga/hdl/controller/synthesis --family="Cyclone 10 LP" --part=10CL025YU256C8G
Progress: Loading phoenix_fpga/controller.qsys
Progress: Reading input file
Progress: Adding clk_25mhz [clock_source 22.1]
Progress: Parameterizing module clk_25mhz
Progress: Adding led0 [pio_source 1.0]
Progress: Parameterizing module led0
Progress: Adding led1 [pio_source 1.0]
Progress: Parameterizing module led1
Progress: Adding led2 [pio_source 1.0]
Progress: Parameterizing module led2
Progress: Adding led3 [pio_source 1.0]
Progress: Parameterizing module led3
Progress: Adding led4 [pio_source 1.0]
Progress: Parameterizing module led4
Progress: Adding led_driver1 [pwm_driver 1.0]
Progress: Parameterizing module led_driver1
Progress: Adding led_driver_0 [pwm_driver 1.0]
Progress: Parameterizing module led_driver_0
Progress: Adding led_driver_2 [pwm_driver 1.0]
Progress: Parameterizing module led_driver_2
Progress: Adding led_driver_3 [pwm_driver 1.0]
Progress: Parameterizing module led_driver_3
Progress: Building connections
Progress: Parameterizing connections
Progress: Validating
Progress: Done reading input file
Warning: controller.led4: led4.pio_in must be exported, or connected to a matching conduit.
Warning: controller.led_driver1: led_driver1.pwm must be exported, or connected to a matching conduit.
Warning: controller.led_driver_0: led_driver_0.pwm must be exported, or connected to a matching conduit.
Warning: controller.led_driver_2: led_driver_2.pwm must be exported, or connected to a matching conduit.
Warning: controller.led_driver_3: led_driver_3.pwm must be exported, or connected to a matching conduit.
Info: controller: Generating controller "controller" for QUARTUS_SYNTH
Info: led0: "controller" instantiated pio_source "led0"
Info: led_driver1: "controller" instantiated pwm_driver "led_driver1"
Info: rst_controller: "controller" instantiated altera_reset_controller "rst_controller"
Info: controller: Done "controller" with 4 modules, 6 files
Info: qsys-generate succeeded.
Info: Finished: Create HDL design files for synthesis
